my_function called with args: (1, 2), kwargs:{}. Result: 3
my_function called with args: (0, 2), kwargs:{}. Result: 2
my_function called with args: (1, 2), kwargs:{}. Result: 3
my_function called with args: (0, 2), kwargs:{}. Result: 2
my_function called with args: (1, 2), kwargs:{}. Result: 3
my_function called with args: (0, 2), kwargs:{}. Result: 2
my_function called with args: (1, 2), kwargs:{}. Result: 3
my_function called with args: (0, 2), kwargs:{}. Result: 2
my_function error: test_log_2.<locals>.my_function() missing 2 required positional arguments: 'x' and 'y'. Inputs:(), {}
my_function called with args: (1, 2), kwargs:{}. Result: 3
my_function called with args: (0, 2), kwargs:{}. Result: 2
my_function called with args: (1, 2), kwargs:{}. Result: 3
my_function called with args: (1, 2), kwargs:{}. Result: 3
my_function called with args: (1, 2), kwargs:{}. Result: 3
my_function called with args: (1, 2), kwargs:{}. Result: 3
my_function called with args: (0, 2), kwargs:{}. Result: 2
my_function called with args: (1, 2), kwargs:{}. Result: 3
my_function called with args: (0, 2), kwargs:{}. Result: 2
my_function called with args: (1, 2), kwargs:{}. Result: 3
my_function called with args: (0, 2), kwargs:{}. Result: 2
my_function called with args: (1, 2), kwargs:{}. Result: 3
my_function called with args: (0, 2), kwargs:{}. Result: 2
my_function called with args: (1, 2), kwargs:{}. Result: 3
my_function called with args: (0, 2), kwargs:{}. Result: 2
my_function called with args: (1, 2), kwargs:{}. Result: 3
my_function called with args: (0, 2), kwargs:{}. Result: 2
my_function called with args: (1, 2), kwargs:{}. Result: 3
my_function called with args: (0, 2), kwargs:{}. Result: 2
my_function called with args: (1, 2), kwargs:{}. Result: 3
my_function called with args: (0, 2), kwargs:{}. Result: 2
my_function called with args: (1, 2), kwargs:{}. Result: 3
my_function called with args: (0, 2), kwargs:{}. Result: 2
my_function called with args: (1, 2), kwargs:{}. Result: 3
my_function called with args: (0, 2), kwargs:{}. Result: 2
my_function called with args: (1, 2), kwargs:{}. Result: 3
my_function called with args: (0, 2), kwargs:{}. Result: 2
my_function called with args: (1, 2), kwargs:{}. Result: 3
my_function called with args: (0, 2), kwargs:{}. Result: 2
my_function called with args: (1, 2), kwargs:{}. Result: 3
my_function called with args: (0, 2), kwargs:{}. Result: 2
my_function called with args: (1, 2), kwargs:{}. Result: 3
my_function called with args: (0, 2), kwargs:{}. Result: 2
my_function called with args: (1, 2), kwargs:{}. Result: 3
my_function called with args: (0, 2), kwargs:{}. Result: 2
my_function called with args: (1, 2), kwargs:{}. Result: 3
my_function called with args: (0, 2), kwargs:{}. Result: 2
my_function called with args: (1, 2), kwargs:{}. Result: 3
my_function called with args: (0, 2), kwargs:{}. Result: 2
my_function called with args: (1, 2), kwargs:{}. Result: 3
my_function called with args: (0, 2), kwargs:{}. Result: 2
my_function called with args: (1, 2), kwargs:{}. Result: 3
my_function called with args: (0, 2), kwargs:{}. Result: 2
my_function called with args: (1, 2), kwargs:{}. Result: 3
my_function called with args: (0, 2), kwargs:{}. Result: 2
my_function called with args: (1, 2), kwargs:{}. Result: 3
my_function called with args: (0, 2), kwargs:{}. Result: 2
my_function called with args: (1, 2), kwargs:{}. Result: 3
my_function called with args: (0, 2), kwargs:{}. Result: 2
my_function called with args: (1, 2), kwargs:{}. Result: 3
my_function called with args: (0, 2), kwargs:{}. Result: 2
my_function called with args: (1, 2), kwargs:{}. Result: 3
my_function called with args: (0, 2), kwargs:{}. Result: 2
my_function called with args: (1, 2), kwargs:{}. Result: 3
my_function called with args: (0, 2), kwargs:{}. Result: 2
my_function called with args: (1, 2), kwargs:{}. Result: 3
my_function called with args: (0, 2), kwargs:{}. Result: 2
my_function called with args: (1, 2), kwargs:{}. Result: 3
my_function called with args: (0, 2), kwargs:{}. Result: 2
my_function called with args: (1, 2), kwargs:{}. Result: 3
my_function called with args: (0, 2), kwargs:{}. Result: 2
my_function called with args: (1, 2), kwargs:{}. Result: 3
my_function called with args: (0, 2), kwargs:{}. Result: 2
my_function called with args: (1, 2), kwargs:{}. Result: 3
my_function called with args: (0, 2), kwargs:{}. Result: 2
my_function called with args: (1, 2), kwargs:{}. Result: 3
my_function called with args: (0, 2), kwargs:{}. Result: 2
my_function called with args: (1, 2), kwargs:{}. Result: 3
my_function called with args: (0, 2), kwargs:{}. Result: 2
my_function called with args: (1, 2), kwargs:{}. Result: 3
my_function called with args: (0, 2), kwargs:{}. Result: 2
my_function called with args: (1, 2), kwargs:{}. Result: 3
my_function called with args: (0, 2), kwargs:{}. Result: 2
my_function called with args: (1, 2), kwargs:{}. Result: 3
my_function called with args: (0, 2), kwargs:{}. Result: 2
my_function called with args: (1, 2), kwargs:{}. Result: 3
my_function called with args: (0, 2), kwargs:{}. Result: 2
my_function called with args: (1, 2), kwargs:{}. Result: 3
my_function called with args: (0, 2), kwargs:{}. Result: 2
my_function called with args: (1, 2), kwargs:{}. Result: 3
my_function called with args: (0, 2), kwargs:{}. Result: 2
my_function called with args: (1, 2), kwargs:{}. Result: 3
my_function called with args: (0, 2), kwargs:{}. Result: 2
my_function called with args: (1, 2), kwargs:{}. Result: 3
my_function called with args: (0, 2), kwargs:{}. Result: 2
my_function called with args: (1, 2), kwargs:{}. Result: 3
my_function called with args: (0, 2), kwargs:{}. Result: 2
my_function called with args: (1, 2), kwargs:{}. Result: 3
my_function called with args: (0, 2), kwargs:{}. Result: 2
my_function called with args: (1, 2), kwargs:{}. Result: 3
my_function called with args: (0, 2), kwargs:{}. Result: 2
my_function called with args: (1, 2), kwargs:{}. Result: 3
my_function called with args: (0, 2), kwargs:{}. Result: 2
my_function called with args: (1, 2), kwargs:{}. Result: 3
my_function called with args: (0, 2), kwargs:{}. Result: 2
my_function called with args: (1, 2), kwargs:{}. Result: 3
my_function called with args: (0, 2), kwargs:{}. Result: 2
my_function called with args: (1, 2), kwargs:{}. Result: 3
my_function called with args: (0, 2), kwargs:{}. Result: 2
my_function called with args: (1, 2), kwargs:{}. Result: 3
my_function called with args: (0, 2), kwargs:{}. Result: 2
my_function called with args: (1, 2), kwargs:{}. Result: 3
my_function called with args: (0, 2), kwargs:{}. Result: 2
my_function called with args: (1, 2), kwargs:{}. Result: 3
my_function called with args: (0, 2), kwargs:{}. Result: 2
my_function called with args: (1, 2), kwargs:{}. Result: 3
my_function called with args: (0, 2), kwargs:{}. Result: 2
my_function called with args: (1, 2), kwargs:{}. Result: 3
my_function called with args: (0, 2), kwargs:{}. Result: 2
my_function called with args: (1, 2), kwargs:{}. Result: 3
my_function called with args: (0, 2), kwargs:{}. Result: 2
my_function called with args: (1, 2), kwargs:{}. Result: 3
my_function called with args: (0, 2), kwargs:{}. Result: 2
my_function called with args: (1, 2), kwargs:{}. Result: 3
my_function called with args: (0, 2), kwargs:{}. Result: 2
my_function called with args: (1, 2), kwargs:{}. Result: 3
my_function called with args: (0, 2), kwargs:{}. Result: 2
my_function called with args: (1, 2), kwargs:{}. Result: 3
my_function called with args: (0, 2), kwargs:{}. Result: 2
my_function called with args: (1, 2), kwargs:{}. Result: 3
my_function called with args: (0, 2), kwargs:{}. Result: 2
my_function called with args: (1, 2), kwargs:{}. Result: 3
my_function called with args: (0, 2), kwargs:{}. Result: 2
my_function called with args: (1, 2), kwargs:{}. Result: 3
my_function called with args: (0, 2), kwargs:{}. Result: 2
my_function called with args: (1, 2), kwargs:{}. Result: 3
my_function called with args: (0, 2), kwargs:{}. Result: 2
my_function called with args: (1, 2), kwargs:{}. Result: 3
my_function called with args: (0, 2), kwargs:{}. Result: 2
my_function called with args: (1, 2), kwargs:{}. Result: 3
my_function called with args: (0, 2), kwargs:{}. Result: 2
my_function called with args: (1, 2), kwargs:{}. Result: 3
my_function called with args: (0, 2), kwargs:{}. Result: 2
my_function called with args: (1, 2), kwargs:{}. Result: 3
my_function called with args: (0, 2), kwargs:{}. Result: 2
my_function called with args: (1, 2), kwargs:{}. Result: 3
my_function called with args: (0, 2), kwargs:{}. Result: 2
my_function called with args: (1, 2), kwargs:{}. Result: 3
my_function called with args: (0, 2), kwargs:{}. Result: 2
my_function called with args: (1, 2), kwargs:{}. Result: 3
my_function called with args: (0, 2), kwargs:{}. Result: 2
my_function called with args: (1, 2), kwargs:{}. Result: 3
my_function called with args: (0, 2), kwargs:{}. Result: 2
my_function called with args: (1, 2), kwargs:{}. Result: 3
my_function called with args: (0, 2), kwargs:{}. Result: 2
my_function called with args: (1, 2), kwargs:{}. Result: 3
my_function called with args: (0, 2), kwargs:{}. Result: 2
my_function called with args: (1, 2), kwargs:{}. Result: 3
my_function called with args: (0, 2), kwargs:{}. Result: 2
my_function called with args: (1, 2), kwargs:{}. Result: 3
my_function called with args: (0, 2), kwargs:{}. Result: 2
my_function called with args: (1, 2), kwargs:{}. Result: 3
my_function called with args: (0, 2), kwargs:{}. Result: 2
my_function called with args: (1, 2), kwargs:{}. Result: 3
my_function called with args: (0, 2), kwargs:{}. Result: 2
my_function called with args: (1, 2), kwargs:{}. Result: 3
my_function called with args: (0, 2), kwargs:{}. Result: 2
my_function called with args: (1, 2), kwargs:{}. Result: 3
my_function called with args: (0, 2), kwargs:{}. Result: 2
my_function called with args: (1, 2), kwargs:{}. Result: 3
my_function called with args: (0, 2), kwargs:{}. Result: 2
my_function called with args: (1, 2), kwargs:{}. Result: 3
my_function called with args: (0, 2), kwargs:{}. Result: 2
my_function called with args: (1, 2), kwargs:{}. Result: 3
my_function called with args: (0, 2), kwargs:{}. Result: 2
my_function called with args: (1, 2), kwargs:{}. Result: 3
my_function called with args: (0, 2), kwargs:{}. Result: 2
my_function called with args: (1, 2), kwargs:{}. Result: 3
my_function called with args: (0, 2), kwargs:{}. Result: 2
my_function called with args: (1, 2), kwargs:{}. Result: 3
my_function called with args: (0, 2), kwargs:{}. Result: 2
my_function called with args: (1, 2), kwargs:{}. Result: 3
my_function called with args: (0, 2), kwargs:{}. Result: 2
my_function called with args: (1, 2), kwargs:{}. Result: 3
my_function called with args: (0, 2), kwargs:{}. Result: 2
my_function called with args: (1, 2), kwargs:{}. Result: 3
my_function called with args: (0, 2), kwargs:{}. Result: 2
my_function called with args: (1, 2), kwargs:{}. Result: 3
my_function called with args: (0, 2), kwargs:{}. Result: 2
my_function called with args: (1, 2), kwargs:{}. Result: 3
my_function called with args: (0, 2), kwargs:{}. Result: 2
my_function called with args: (1, 2), kwargs:{}. Result: 3
my_function called with args: (0, 2), kwargs:{}. Result: 2
my_function called with args: (1, 2), kwargs:{}. Result: 3
my_function called with args: (0, 2), kwargs:{}. Result: 2
my_function called with args: (1, 2), kwargs:{}. Result: 3
my_function called with args: (0, 2), kwargs:{}. Result: 2
my_function called with args: (1, 2), kwargs:{}. Result: 3
my_function called with args: (0, 2), kwargs:{}. Result: 2
my_function called with args: (1, 2), kwargs:{}. Result: 3
my_function called with args: (0, 2), kwargs:{}. Result: 2
my_function called with args: (1, 2), kwargs:{}. Result: 3
my_function called with args: (0, 2), kwargs:{}. Result: 2
my_function called with args: (1, 2), kwargs:{}. Result: 3
my_function called with args: (0, 2), kwargs:{}. Result: 2
my_function called with args: (1, 2), kwargs:{}. Result: 3
my_function called with args: (0, 2), kwargs:{}. Result: 2
my_function called with args: (1, 2), kwargs:{}. Result: 3
my_function called with args: (0, 2), kwargs:{}. Result: 2
my_function called with args: (1, 2), kwargs:{}. Result: 3
my_function called with args: (0, 2), kwargs:{}. Result: 2
my_function called with args: (1, 2), kwargs:{}. Result: 3
my_function called with args: (0, 2), kwargs:{}. Result: 2
my_function called with args: (1, 2), kwargs:{}. Result: 3
my_function called with args: (0, 2), kwargs:{}. Result: 2
my_function called with args: (1, 2), kwargs:{}. Result: 3
my_function called with args: (0, 2), kwargs:{}. Result: 2
my_function called with args: (1, 2), kwargs:{}. Result: 3
my_function called with args: (0, 2), kwargs:{}. Result: 2
my_function called with args: (1, 2), kwargs:{}. Result: 3
my_function called with args: (0, 2), kwargs:{}. Result: 2
my_function called with args: (1, 2), kwargs:{}. Result: 3
my_function called with args: (0, 2), kwargs:{}. Result: 2
my_function called with args: (1, 2), kwargs:{}. Result: 3
my_function called with args: (0, 2), kwargs:{}. Result: 2
my_function called with args: (1, 2), kwargs:{}. Result: 3
my_function called with args: (0, 2), kwargs:{}. Result: 2
my_function called with args: (1, 2), kwargs:{}. Result: 3
my_function called with args: (0, 2), kwargs:{}. Result: 2
my_function called with args: (1, 2), kwargs:{}. Result: 3
my_function called with args: (0, 2), kwargs:{}. Result: 2
my_function called with args: (1, 2), kwargs:{}. Result: 3
my_function called with args: (0, 2), kwargs:{}. Result: 2
my_function called with args: (1, 2), kwargs:{}. Result: 3
my_function called with args: (0, 2), kwargs:{}. Result: 2
my_function called with args: (1, 2), kwargs:{}. Result: 3
my_function called with args: (0, 2), kwargs:{}. Result: 2
my_function called with args: (1, 2), kwargs:{}. Result: 3
my_function called with args: (0, 2), kwargs:{}. Result: 2
my_function called with args: (1, 2), kwargs:{}. Result: 3
my_function called with args: (0, 2), kwargs:{}. Result: 2
my_function called with args: (1, 2), kwargs:{}. Result: 3
my_function called with args: (0, 2), kwargs:{}. Result: 2
my_function called with args: (1, 2), kwargs:{}. Result: 3
my_function called with args: (0, 2), kwargs:{}. Result: 2
my_function called with args: (1, 2), kwargs:{}. Result: 3
my_function called with args: (0, 2), kwargs:{}. Result: 2
my_function called with args: (1, 2), kwargs:{}. Result: 3
my_function called with args: (0, 2), kwargs:{}. Result: 2
my_function called with args: (1, 2), kwargs:{}. Result: 3
my_function called with args: (0, 2), kwargs:{}. Result: 2
my_function called with args: (1, 2), kwargs:{}. Result: 3
my_function called with args: (0, 2), kwargs:{}. Result: 2
my_function called with args: (1, 2), kwargs:{}. Result: 3
my_function called with args: (0, 2), kwargs:{}. Result: 2
my_function called with args: (1, 2), kwargs:{}. Result: 3
my_function called with args: (0, 2), kwargs:{}. Result: 2
my_function called with args: (1, 2), kwargs:{}. Result: 3
my_function called with args: (0, 2), kwargs:{}. Result: 2
my_function called with args: (1, 2), kwargs:{}. Result: 3
my_function called with args: (0, 2), kwargs:{}. Result: 2
my_function called with args: (1, 2), kwargs:{}. Result: 3
my_function called with args: (0, 2), kwargs:{}. Result: 2
my_function called with args: (1, 2), kwargs:{}. Result: 3
my_function called with args: (0, 2), kwargs:{}. Result: 2
my_function called with args: (1, 2), kwargs:{}. Result: 3
my_function called with args: (0, 2), kwargs:{}. Result: 2
my_function called with args: (1, 2), kwargs:{}. Result: 3
my_function called with args: (0, 2), kwargs:{}. Result: 2
my_function called with args: (1, 2), kwargs:{}. Result: 3
my_function called with args: (0, 2), kwargs:{}. Result: 2
my_function called with args: (1, 2), kwargs:{}. Result: 3
my_function called with args: (0, 2), kwargs:{}. Result: 2
my_function called with args: (1, 2), kwargs:{}. Result: 3
my_function called with args: (0, 2), kwargs:{}. Result: 2
my_function called with args: (1, 2), kwargs:{}. Result: 3
my_function called with args: (0, 2), kwargs:{}. Result: 2
my_function called with args: (1, 2), kwargs:{}. Result: 3
my_function called with args: (0, 2), kwargs:{}. Result: 2
my_function called with args: (1, 2), kwargs:{}. Result: 3
my_function called with args: (0, 2), kwargs:{}. Result: 2
my_function called with args: (1, 2), kwargs:{}. Result: 3
my_function called with args: (0, 2), kwargs:{}. Result: 2
my_function called with args: (1, 2), kwargs:{}. Result: 3
my_function called with args: (0, 2), kwargs:{}. Result: 2
my_function called with args: (1, 2), kwargs:{}. Result: 3
my_function called with args: (0, 2), kwargs:{}. Result: 2
my_function called with args: (1, 2), kwargs:{}. Result: 3
my_function called with args: (0, 2), kwargs:{}. Result: 2
my_function called with args: (1, 2), kwargs:{}. Result: 3
my_function called with args: (0, 2), kwargs:{}. Result: 2
my_function called with args: (1, 2), kwargs:{}. Result: 3
my_function called with args: (0, 2), kwargs:{}. Result: 2
my_function called with args: (1, 2), kwargs:{}. Result: 3
my_function called with args: (0, 2), kwargs:{}. Result: 2
my_function called with args: (1, 2), kwargs:{}. Result: 3
my_function called with args: (0, 2), kwargs:{}. Result: 2
my_function called with args: (1, 2), kwargs:{}. Result: 3
my_function called with args: (0, 2), kwargs:{}. Result: 2
my_function called with args: (1, 2), kwargs:{}. Result: 3
my_function called with args: (0, 2), kwargs:{}. Result: 2
my_function called with args: (1, 2), kwargs:{}. Result: 3
my_function called with args: (0, 2), kwargs:{}. Result: 2
my_function called with args: (1, 2), kwargs:{}. Result: 3
my_function called with args: (0, 2), kwargs:{}. Result: 2
my_function called with args: (1, 2), kwargs:{}. Result: 3
my_function called with args: (0, 2), kwargs:{}. Result: 2
my_function called with args: (1, 2), kwargs:{}. Result: 3
my_function called with args: (0, 2), kwargs:{}. Result: 2
my_function called with args: (1, 2), kwargs:{}. Result: 3
my_function called with args: (0, 2), kwargs:{}. Result: 2
my_function called with args: (1, 2), kwargs:{}. Result: 3
my_function called with args: (0, 2), kwargs:{}. Result: 2
my_function called with args: (1, 2), kwargs:{}. Result: 3
my_function called with args: (0, 2), kwargs:{}. Result: 2
my_function called with args: (1, 2), kwargs:{}. Result: 3
my_function called with args: (0, 2), kwargs:{}. Result: 2
my_function called with args: (1, 2), kwargs:{}. Result: 3
my_function called with args: (0, 2), kwargs:{}. Result: 2
my_function called with args: (1, 2), kwargs:{}. Result: 3
my_function called with args: (0, 2), kwargs:{}. Result: 2
my_function called with args: (1, 2), kwargs:{}. Result: 3
my_function called with args: (0, 2), kwargs:{}. Result: 2
my_function called with args: (1, 2), kwargs:{}. Result: 3
my_function called with args: (0, 2), kwargs:{}. Result: 2
my_function called with args: (1, 2), kwargs:{}. Result: 3
my_function called with args: (0, 2), kwargs:{}. Result: 2
my_function called with args: (1, 2), kwargs:{}. Result: 3
my_function called with args: (0, 2), kwargs:{}. Result: 2
